[INFO] Session log: /home/pd0rk1n/.config/archlinux-tweak-tool/logging_sessions/log_session_2026_05_31_20_06.log
[INFO] ATT application activated
[INFO] To unlock all features, add Chaotic-AUR and Nemesis repo to your pacman.conf.
For terminal operations and full transparency, alacritty must be installed
[INFO] Desktop: kde
[SUB] Ensuring application directories
[SUB] Ensuring /root/.config directories
[SUB] Setting up icon/cursor theme defaults
[SUB] Setting up fastfetch config
[INFO] Building Dev Diagnostics page
[INFO] Building scx scheduler block (DEV page)
[SUB] Backing up GTK config
[INFO]   ATT runs as root; copying user GTK 3/4 config so the app respects your desktop theme
[SUB] Backing up system config files
[SUB] Backing up user config files
[SUB] Checking file permissions
[INFO] To unlock all features, add Chaotic-AUR and Nemesis repo to your pacman.conf.
[INFO] For terminal operations and full transparency, alacritty must be installed.
[INFO] Opening SCX_SCHEDULER_GUIDE.md in kate
[SUB] Apply scx scheduler: scx_lavd (Gaming)
[OK] scx scheduler set to scx_lavd (Gaming)
[SUB] Apply scx scheduler: scx_lavd (Gaming)
[OK] scx scheduler set to scx_lavd (Gaming)
[INFO] Desktop Installer — nemesis_repo: enabled, chaotic-aur: enabled
[INFO] fastfetch is installed
[INFO] Icons available to install: 39 total — Sardi: 24, Surfn: 6, Neo Candy: 9
[INFO] ATT closing
