[INFO] Session log: /home/pd0rk1n/.config/archlinux-tweak-tool/logging_sessions/log_session_2026_05_16_22_10.log
[INFO] ATT application activated
[INFO] To unlock all features, add Chaotic-AUR and Nemesis repo to your pacman.conf.
For terminal operations and full transparency, alacritty must be installed
[INFO] Desktop: kde
[SUB] Ensuring application directories
[SUB] Ensuring /root/.config directories
[SUB] Setting up icon/cursor theme defaults
[SUB] Setting up fastfetch config
[SUB] Backing up GTK config
[INFO]   ATT runs as root; copying user GTK 3/4 config so the app respects your desktop theme
[SUB] Backing up system config files
  From: /etc/sddm.conf
  To:   /etc/sddm.conf-bak
[SUB] Backing up user config files
[SUB] Checking file permissions
[INFO] To unlock all features, add Chaotic-AUR and Nemesis repo to your pacman.conf.
[INFO] For terminal operations and full transparency, alacritty must be installed.
[INFO] Offering ATT nanorc at startup
[INFO] ATT nanorc offer declined — preference saved to /home/pd0rk1n/.config/archlinux-tweak-tool/att_settings.json
[INFO] 50 arc themes available to install
[SUB] Apply ATT nanorc
[SUB] Backing up /etc/nanorc
[OK] nanorc backup created
[OK] ATT nanorc applied to /etc/nanorc
[INFO] Desktop Installer — nemesis_repo: enabled, chaotic-aur: enabled
[INFO] fastfetch is installed
[INFO] Icons available to install: 39 total — Sardi: 24, Surfn: 6, Neo Candy: 9
[INFO] Kernels available to install: 35 total (6 standard, 29 chaotic-AUR)
[SUB] GRUB Boot Entry Selector
[INFO] GRUB entries found: 5, current default: 0
[INFO] ATT closing
