[INFO] Session log: /home/pd0rk1n/.config/archlinux-tweak-tool/logging_sessions/log_session_2026_05_28_22_24.log
[INFO] ATT application activated
[INFO] To unlock all features, add Chaotic-AUR and Nemesis repo to your pacman.conf.
For terminal operations and full transparency, alacritty must be installed
[INFO] Desktop: kde
[SUB] Ensuring application directories
[SUB] Ensuring /root/.config directories
[SUB] Setting up icon/cursor theme defaults
[SUB] Setting up fastfetch config
[SUB] Backing up GTK config
[INFO]   ATT runs as root; copying user GTK 3/4 config so the app respects your desktop theme
[SUB] Backing up system config files
  From: /etc/makepkg.conf
  To:   /etc/makepkg.conf-bak
[SUB] Backing up user config files
[SUB] Checking file permissions
[INFO] To unlock all features, add Chaotic-AUR and Nemesis repo to your pacman.conf.
[INFO] For terminal operations and full transparency, alacritty must be installed.
[INFO] Desktop Installer — nemesis_repo: enabled, chaotic-aur: enabled
[INFO] fastfetch is installed
[SUB] Lolcat enabled
[SUB] Installing lolcat...
[OK] lolcat installed
[INFO] Icons available to install: 39 total — Sardi: 24, Surfn: 6, Neo Candy: 9
[INFO] Kernels available to install: 35 total (6 standard, 29 chaotic-AUR)
[SUB] GRUB Boot Entry Selector
[INFO] GRUB entries found: 5, current default: 0
[INFO] Running X11 session — showing X session log instead
[SUB] Launching X session log viewer (X11 session)...
[INFO] Running X11 session — showing X session log instead
[SUB] Launching X session log viewer (X11 session)...
[SUB] Launching Xorg log viewer...
[SUB] Launching X session log viewer...
[INFO] Running X11 session — showing X session log instead
[SUB] Launching X session log viewer (X11 session)...
[SUB] Launching Xorg log viewer...
[SUB] Launching boot blame analyzer...
[SUB] Launching kernel messages viewer...
[INFO] Plymouth: 14 installed theme(s)
[INFO] Plymouth: 80 AUR theme(s) available
[SUB] Applying Plymouth theme: darth_vader
[OK] Plymouth theme now: darth_vader
[INFO] uBlock Origin is already installed
[SUB] Install hblock
[SUB] Whitelist remove: click.discord.com
[OK] Removed click.discord.com from the hblock allowlist
[SUB] Whitelist remove: marketingplatform.google.com
[OK] Removed marketingplatform.google.com from the hblock allowlist
[SUB] Whitelist remove: analytics.google.com
[OK] Removed analytics.google.com from the hblock allowlist
[SUB] Install preload
[INFO] Enabling service: preload.service
[OK] preload installed and enabled
[INFO] Shells tab loaded — active shell: fish
[SUB] Install Extra Shell Applications
[INFO] Installing: bat
[INFO]   expac                OK
[INFO]   ripgrep              OK
[INFO]   yay-git              OK
[INFO]   paru-git             OK
[INFO]   bat                  OK
[INFO]   downgrade            NOT INSTALLED
[INFO]   hw-probe             OK
[INFO]   rate-mirrors         OK
[INFO]   most                 NOT INSTALLED
[INFO]   fzf                  OK
[OK] Extra shell applications done
[SUB] Installing alacritty-tweak-tool-git...
[OK] alacritty-tweak-tool-git installed
[SUB] Launching Alacritty Tweak Tool...
[SUB] Launching Alacritty Tweak Tool...
[SUB] Removing alacritty-tweak-tool-git...
[OK] alacritty-tweak-tool-git removed
[INFO] Building Support page funding links (ATT)
[SUB] Launching CPU info viewer...
[SUB] Launching loaded modules viewer...
[SUB] Launching block devices viewer...
[SUB] Launching fstab viewer...
[SUB] Launching hostname settings viewer...
[INFO] Refreshing themer dropdowns after desktop change...
[OK] Themer dropdowns refreshed
[INFO] 50 arc themes available to install
[TIP] Store your wallpapers in ~/Templates/wallpapers — variety picks them up automatically
[INFO] ATT closing
